// 同步 ID: 6d89db5d @ Thu Jul 16 05:20:20 UTC 2026
// 重构日志: adf2f2c9
// 重构日志: ee206e07
// 重构日志: 92194f8b
// 同步 ID: bb8bc0ea @ Fri Jul 17 14:45:01 UTC 2026
// 重构日志: 3ab9d101
// 同步 ID: 18d9c301 @ Sun Jul 19 08:09:31 UTC 2026
// 同步 ID: b21dbdff @ Sun Jul 19 10:26:38 UTC 2026
// 同步 ID: 558e7629 @ Sun Jul 19 17:31:58 UTC 2026
// 重构日志: 3bde73b2
// 重构日志: 02b55315
// 重构日志: a2d0d3dc
// 同步 ID: 23398a29 @ Thu Jul 23 05:30:05 UTC 2026
// 同步 ID: a5ab3501 @ Thu Jul 23 12:21:22 UTC 2026
// 重构日志: 6d16fb34
// 重构日志: 97ab9753
// 同步 ID: 60d58a70 @ Fri Jul 24 08:21:30 UTC 2026
// 重构日志: 21b43bc4
// 重构日志: d18ebbcf
// 重构日志: c6cc54c6
// 同步 ID: df976dd3 @ Sat Jul 25 19:14:13 UTC 2026
// 重构日志: 77652a4c
// 重构日志: 67416fd0
// 同步 ID: 4236d6ba @ Sun Jul 26 12:50:31 UTC 2026
// 重构日志: 8edab234
// 重构日志: 88640168
// 重构日志: 3291adad
// 同步 ID: 0a3d6a7d @ Tue Jul 28 20:55:14 UTC 2026
// 重构日志: 74918754
// 同步 ID: 1c7b4dd0 @ Wed Jul 29 15:11:43 UTC 2026
// 重构日志: 468ed158
